// Jest Snapshot v1, https://goo.gl/fbAQLP

exports[`Pruebas en FirstApp2.jsx debe hacer match con el snapshot 1`] = `
<div>
  <h1
    data-testid="test-title"
  >
    Hola Mundo
  </h1>
  <p>
    Este es el subt√≠tulo por defecto
  </p>
  <p>
    Pedro
  </p>
</div>
`;
